[cb.venoplus8.com/aff/afftools.html]
[backblue.gif]
[fade.gif]
[index.html]
[cb.venoplus8.com/aff/index.html]
[cdn.jsdelivr.net/npm/bootstrap@5.1.0/dist/css/bootstrap.min.css]
[cdn.truegcloud.com/scripts/skeleton.min.css]
[cdn.truegcloud.com/scripts/all.min.css]
[cdn.truegcloud.com/scripts/jquery.1.9.1.min.js]
[connect.facebook.net/en_US/fbevents.js]
[cb.venoplus8.com/css/skeleton.min.css]
[cb.venoplus8.com/css/all.min.css]
[cb.venoplus8.com/css/fontawesome.min.css]
[cb.venoplus8.com/css/regular.min.css]
[cb.venoplus8.com/css/solid.min.css]
[cb.venoplus8.com/css/brands.min.css]
[cb.venoplus8.com/css/main.css]
[cb.venoplus8.com/css/atc.css]
[cb.venoplus8.com/css/landerstyle.css]
[cb.venoplus8.com/css/affstyle.css]
[cb.venoplus8.com/css/affstyle-new.css]
[cb.venoplus8.com/aff/POST]
[simplepromise.com/cdn/shop/files/logo_352x4dcf.png]
[tgenics-cdn.s3.ap-southeast-1.amazonaws.com/venoplus8/images/bottle-mention02.png]
[tgenics-cdn.s3.ap-southeast-1.amazonaws.com/venoplus8/ecomm-sl/vp8-ecomm-09.png]
[tgenics-cdn.s3.ap-southeast-1.amazonaws.com/venoplus8/ecomm-sl/vp8-ecomm-10.png]
[tgenics-cdn.s3.ap-southeast-1.amazonaws.com/venoplus8/ecomm-sl/vp8-ecomm-11.png]
[tgenics-cdn.s3.ap-southeast-1.amazonaws.com/venoplus8/images/fe/MenaQ7-0.png]
[tgenics-cdn.s3.ap-southeast-1.amazonaws.com/venoplus8/ecomm-sl/vp8-ecomm-03.jpg]
[tgenics-cdn.s3.ap-southeast-1.amazonaws.com/venoplus8/ecomm-sl/vp8-ecomm-04.jpg]
[tgenics-cdn.s3.ap-southeast-1.amazonaws.com/venoplus8/images/fe/magnesium.jpg]
[cdn.truegcloud.com/venoplus8/images/fe/Hesperidin.jpg]
[tgenics-cdn.s3.ap-southeast-1.amazonaws.com/venoplus8/images/fe/L-citrulline.jpg]
[tgenics-cdn.s3.ap-southeast-1.amazonaws.com/venoplus8/images/fe/L-arginine.jpg]
[tgenics-cdn.s3.ap-southeast-1.amazonaws.com/venoplus8/images/fe/L-taurine.jpg]
[tgenics-cdn.s3.ap-southeast-1.amazonaws.com/venoplus8/images/fe/Vitamin C.jpg]
[tgenics-cdn.s3.ap-southeast-1.amazonaws.com/venoplus8/images/aff/grapeseedoil-2.jpg]
[tgenics-cdn.s3.ap-southeast-1.amazonaws.com/venoplus8/images/fe/venoplus8-slider-1.png]
[tgenics-cdn.s3.ap-southeast-1.amazonaws.com/venoplus8/images/fe/venoplus8-slider-2.png]
[tgenics-cdn.s3.ap-southeast-1.amazonaws.com/venoplus8/images/fe/venoplus8-slider-3.png]
[tgenics-cdn.s3.ap-southeast-1.amazonaws.com/venoplus8/images/aff/p2.jpg]
[tgenics-cdn.s3.ap-southeast-1.amazonaws.com/venoplus8/images/aff/P3.png]
[cdn.truegcloud.com/nutonen/footer-logo.png]
[cb.venoplus8.com/css/loader/loader.js]
[cb.venoplus8.com/js/jquery.min.js]
[cb.venoplus8.com/js/skeleton.bundle.min.js]
[cb.venoplus8.com/js/slidereveal.js]
[cdn.jsdelivr.net/npm/@popperjs/core@2.9.3/dist/umd/popper.min.js]
[cdn.jsdelivr.net/npm/bootstrap@5.1.0/dist/js/bootstrap.min.js]
[unpkg.com/axios@1.13.3/dist/axios.min.js]
[cb.venoplus8.com/aff/afftools.html]
[cb.venoplus8.com/aff/index.html]
[cdn.jsdelivr.net/npm/bootstrap@5.1.0/dist/css/bootstrap.min.css]
[cdn.truegcloud.com/scripts/skeleton.min.css]
[cdn.truegcloud.com/scripts/all.min.css]
[www.googletagmanager.com/gtm5445.html]
[cb.venoplus8.com/aff/t]
[cb.venoplus8.com/aff/signals/config/index.html]
[cb.venoplus8.com/aff/e]
[cb.venoplus8.com/aff/signals/plugins/index.html]
[cb.venoplus8.com/aff/t.resolvedLink]
[cb.venoplus8.com/aff/schema.org/index.html]
[cb.venoplus8.com/aff/o]
[cb.venoplus8.com/signals/iwl.js]
[cb.venoplus8.com/signals/iwl0fc5.js]
[cb.venoplus8.com/aff/r.dl]
[cb.venoplus8.com/aff/r.rl]
[connect.facebook.net/en_US/fbevents.js]
[cb.venoplus8.com/css/skeleton.min.css]
[cb.venoplus8.com/css/all.min.css]
[cb.venoplus8.com/css/fontawesome.min.html]
[cb.venoplus8.com/css/regular.min.html]
[cb.venoplus8.com/css/solid.min.html]
[cb.venoplus8.com/css/brands.min.html]
[cb.venoplus8.com/css/main.css]
[cdn.truegcloud.com/xanoburn/images/atc/atc-bg.jpg]
[cb.venoplus8.com/css/atc.css]
[cb.venoplus8.com/css/landerstyle.css]
[cb.venoplus8.com/images/back-light.png]
[cb.venoplus8.com/images/VivaSlim-1Bottle.png]
[cb.venoplus8.com/css/affstyle.css]
[cb.venoplus8.com/css/affstyle-new.css]
[cb.venoplus8.com/aff/POST.html]
[cb.venoplus8.com/aff/process-hoplink-users.json]
[cb.venoplus8.com/aff/signals/config/index.html]
[cb.venoplus8.com/aff/t.html]
[cb.venoplus8.com/aff/e.html]
[cb.venoplus8.com/aff/signals/plugins/index.html]
[cb.venoplus8.com/aff/schema.org/index.html]
[cb.venoplus8.com/aff/t-2.html]
[cb.venoplus8.com/aff/o.html]
[cb.venoplus8.com/signals/iwl.html]
[cb.venoplus8.com/signals/iwl0fc5.html]
[cb.venoplus8.com/aff/r.html]
[cb.venoplus8.com/aff/r-2.html]
[cb.venoplus8.com/images/back-light.html]
[cb.venoplus8.com/images/VivaSlim-1Bottle.html]
